// Vitest Snapshot v1

exports[`nuxt-api-party > fetches data with $testApi 1`] = `
[
  {
    "completed": false,
    "id": 1,
    "title": "delectus aut autem",
    "userId": 1,
  },
  {
    "completed": false,
    "id": 2,
    "title": "quis ut nam facilis et officia qui",
    "userId": 1,
  },
  {
    "completed": false,
    "id": 3,
    "title": "fugiat veniam minus",
    "userId": 1,
  },
]
`;

exports[`nuxt-api-party > fetches data with useTestApiData 1`] = `
[
  {
    "completed": false,
    "id": 1,
    "title": "delectus aut autem",
    "userId": 1,
  },
  {
    "completed": false,
    "id": 2,
    "title": "quis ut nam facilis et officia qui",
    "userId": 1,
  },
  {
    "completed": false,
    "id": 3,
    "title": "fugiat veniam minus",
    "userId": 1,
  },
]
`;

exports[`nuxt-api-party > throws error for invalid response 1`] = `
{
  "data": {
    "statusCode": 404,
    "statusMessage": "Not Found",
  },
  "message": " (404  (/api/not-found))",
  "stack": "",
  "statusCode": 404,
  "statusMessage": "Not Found",
  "url": "/api/__api_party/test-api",
}
`;
